Proceso en ejecución...
Iniciando proceso largo...
Iteración 1 - Mon Dec 22 10:06:30 PM CST 2025
Iteración 2 - Mon Dec 22 10:07:31 PM CST 2025
Iteración 3 - Mon Dec 22 10:08:31 PM CST 2025
Iteración 4 - Mon Dec 22 10:09:31 PM CST 2025
Iteración 5 - Mon Dec 22 10:10:31 PM CST 2025
Iteración 6 - Mon Dec 22 10:11:31 PM CST 2025
Iteración 7 - Mon Dec 22 10:12:31 PM CST 2025
Iteración 8 - Mon Dec 22 10:13:31 PM CST 2025
Iniciando proceso largo...
Iteración 1 - Sat 01 Aug 2026 12:33:10 PM CST
Iteración 2 - Sat 01 Aug 2026 12:34:10 PM CST
Iteración 3 - Sat 01 Aug 2026 12:35:10 PM CST
Iteración 4 - Sat 01 Aug 2026 12:36:10 PM CST
Iteración 5 - Sat 01 Aug 2026 12:37:10 PM CST
Iteración 6 - Sat 01 Aug 2026 12:38:10 PM CST
Iteración 7 - Sat 01 Aug 2026 12:39:10 PM CST
Iteración 8 - Sat 01 Aug 2026 12:40:10 PM CST
Iteración 9 - Sat 01 Aug 2026 12:41:10 PM CST
Iteración 10 - Sat 01 Aug 2026 12:42:10 PM CST
Proceso completado.
